
> frontend@0.1.0 build
> next build

Γû▓ Next.js 16.1.6 (Turbopack)

  Creating an optimized production build ...
Γ£ô Compiled successfully in 1787.8ms
  Running TypeScript ...
  Collecting page data using 11 workers ...
  Generating static pages using 11 workers (0/9) ...
  Generating static pages using 11 workers (2/9) 
  Generating static pages using 11 workers (4/9) 
  Generating static pages using 11 workers (6/9) 
node.exe : Error 
occurred prerendering 
page "/record". Read 
more: https://nextjs.o
rg/docs/messages/prere
nder-error
At C:\Program Files\no
dejs\npm.ps1:29 char:3
+   & $NODE_EXE 
$NPM_CLI_JS $args
+   ~~~~~~~~~~~~~~~~~~
~~~~~~~~~~~
    + CategoryInfo    
          : NotSpeci  
  fied: (Error occu   
 rred ...prerender    
-error:String) []    
, RemoteException
    + FullyQualifiedE 
   rrorId : NativeCo  
  mmandError
 
Error: The default 
export is not a React 
Component in 
"/record/page"
    at ignore-listed 
frames
Export encountered an 
error on 
/record/page: 
/record, exiting the 
build.
Γ¿» Next.js build 
worker exited with 
code: 1 and signal: 
null
